========================================
Smart Campus API - Automated Test Script
========================================


>>> Waiting for server to be ready...
âo. Server is ready!

Starting tests...

>>> 1. Discovery Endpoint

  TEST: GET Discovery / API Info
  GET http://localhost:8080/api/v1/
   Response: API Version: 1.0
âo. PASSED

>>> 2. Room Management

  TEST: POST Create New Room
  POST http://localhost:8080/api/v1/rooms
   Response: Created room: Test Room 101
âo. PASSED

  TEST: GET All Rooms
  GET http://localhost:8080/api/v1/rooms
   Response: Found 4 rooms
âo. PASSED

  TEST: GET Specific Room (L1)
  GET http://localhost:8080/api/v1/rooms/L1
   Response: Room: Lecture Hall 1 - Capacity: 150
âo. PASSED

  TEST: PUT Update Room
  PUT http://localhost:8080/api/v1/rooms/TEST101
   Response: Updated capacity: 30
âo. PASSED

>>> 3. Sensor Management

  TEST: POST Create Sensor (Valid Room)
  POST http://localhost:8080/api/v1/sensors
â?O FAILED - Expected status 201, got 409
   Response: Conflict

  TEST: GET All Sensors
  GET http://localhost:8080/api/v1/sensors
   Response: Found 5 sensors
âo. PASSED

  TEST: GET Sensors Filtered by Type (TEMPERATURE)
  GET http://localhost:8080/api/v1/sensors?type=TEMPERATURE
   Response: Found 3 temperature sensors
âo. PASSED

  TEST: GET Specific Sensor (T001)
  GET http://localhost:8080/api/v1/sensors/T001
   Response: Sensor: T001 - Type: TEMPERATURE - Status: ACTIVE
âo. PASSED

  TEST: POST Create Sensor (Invalid Room - Should Fail)
âo. PASSED (Got expected 404 Not Found error)

>>> 4. Sensor Readings (Sub-Resource)

  TEST: GET Reading History for Sensor (T001)
  GET http://localhost:8080/api/v1/sensors/T001/readings
   Response: Found 3 readings
âo. PASSED

  TEST: POST Add Reading to Active Sensor (T001)
  POST http://localhost:8080/api/v1/sensors/T001/readings
   Response: Created reading: R002 with value 24.5Â°C
âo. PASSED

  TEST: POST Add Reading to Maintenance Sensor (T002 - Should Fail)
âo. PASSED (Got expected 503 Service Unavailable error)

>>> 5. Error Handling

  TEST: DELETE Room with Sensors (L1 - Should Fail)
âo. PASSED (Got expected 409 Conflict error)

  TEST: DELETE Room with No Sensors (TEST101)
  DELETE http://localhost:8080/api/v1/rooms/TEST101
   Response: Deleted room: TEST101
âo. PASSED


roomId   : TEST101
name     : Updated Test Room
building : Test Building
floor    : 1
capacity : 30


========================================
Test Summary
========================================

âo. Tests Passed: 14
â?O Tests Failed: 1

Total Tests: 15

â?O SOME TESTS FAILED â?O
